// Jest Snapshot v1, https://goo.gl/fbAQLP

exports[`UnsplashImage should render the UnsplashImage Component correctly 1`] = `
<div
  className="container"
>
  <img
    className="responsiveImg"
    src="url"
  />
</div>
`;
